{
 "artifacts": [
  {
   "id": "80210ebcba92e632",
   "name": "package-1",
   "version": "1.0.1",
   "type": "python",
   "foundBy": "the-cataloger-1",
   "locations": [
    {
     "path": "/somefile-1.txt",
     "layerID": "sha256:702b6cf71fa336b1a3c198f99dc827a2d991253202fe7997f7af5f2b5b94b4af"
    }
   ],
   "licenses": [
    {
     "value": "MIT",
     "spdxExpression": "MIT",
     "type": "declared",
     "urls": [],
     "locations": []
    }
   ],
   "language": "python",
   "cpes": [
    "cpe:2.3:*:some:package:1:*:*:*:*:*:*:*"
   ],
   "purl": "a-purl-1",
   "metadataType": "python-package",
   "metadata": {
    "name": "package-1",
    "version": "1.0.1",
    "author": "",
    "authorEmail": "",
    "platform": "",
    "sitePackagesRootPath": ""
   }
  },
  {
   "id": "4b756c6f6fb127a3",
   "name": "package-2",
   "version": "2.0.1",
   "type": "deb",
   "foundBy": "the-cataloger-2",
   "locations": [
    {
     "path": "/somefile-2.txt",
     "layerID": "sha256:e415a8de9b359da086e22aff83860d37103b7f6f6ed11397c0a851dfc59e2afa"
    }
   ],
   "licenses": [],
   "language": "",
   "cpes": [
    "cpe:2.3:*:some:package:2:*:*:*:*:*:*:*"
   ],
   "purl": "pkg:deb/debian/package-2@2.0.1",
   "metadataType": "dpkg-db-entry",
   "metadata": {
    "package": "package-2",
    "source": "",
    "version": "2.0.1",
    "sourceVersion": "",
    "architecture": "",
    "maintainer": "",
    "installedSize": 0,
    "files": null
   }
  }
 ],
 "artifactRelationships": [],
 "source": {
  "id": "1e344f264ea2a18e7ce1dcc62b168af1535a2025d697ef3a8a4fd632fa419a2b",
  "name": "user-image-input",
  "version": "sha256:2731251dc34951c0e50fcc643b4c5f74922dad1a5d98f302b504cf46cd5d9368",
  "type": "image",
  "metadata": {
   "userInput": "user-image-input",
   "imageID": "sha256:202714b895dd05964aad1ed844171d81187b86698955addc29d4dc55b639bdfc",
   "manifestDigest": "sha256:2731251dc34951c0e50fcc643b4c5f74922dad1a5d98f302b504cf46cd5d9368",
   "mediaType": "application/vnd.docker.distribution.manifest.v2+json",
   "tags": [
    "stereoscope-fixture-image-simple:85066c51088bdd274f7a89e99e00490f666c49e72ffc955707cd6e18f0e22c5b"
   ],
   "imageSize": 38,
   "layers": [
    {
     "mediaType": "application/vnd.docker.image.rootfs.diff.tar.gzip",
     "digest": "sha256:702b6cf71fa336b1a3c198f99dc827a2d991253202fe7997f7af5f2b5b94b4af",
     "size": 22
    },
    {
     "mediaType": "application/vnd.docker.image.rootfs.diff.tar.gzip",
     "digest": "sha256:e415a8de9b359da086e22aff83860d37103b7f6f6ed11397c0a851dfc59e2afa",
     "size": 16
    }
   ],
   "manifest": "eyJzY2hlbWFWZXJzaW9uIjoyLCJtZWRpYVR5cGUiOiJhcHBsaWNhdGlvbi92bmQuZG9ja2VyLmRpc3RyaWJ1dGlvbi5tYW5pZmVzdC52Mitqc29uIiwiY29uZmlnIjp7Im1lZGlhVHlwZSI6ImFwcGxpY2F0aW9uL3ZuZC5kb2NrZXIuY29udGFpbmVyLmltYWdlLnYxK2pzb24iLCJzaXplIjo3NDUsImRpZ2VzdCI6InNoYTI1NjoyMDI3MTRiODk1ZGQwNTk2NGFhZDFlZDg0NDE3MWQ4MTE4N2I4NjY5ODk1NWFkZGMyOWQ0ZGM1NWI2MzliZGZjIn0sImxheWVycyI6W3sibWVkaWFUeXBlIjoiYXBwbGljYXRpb24vdm5kLmRvY2tlci5pbWFnZS5yb290ZnMuZGlmZi50YXIuZ3ppcCIsInNpemUiOjEyNywiZGlnZXN0Ijoic2hhMjU2OjcwMmI2Y2Y3MWZhMzM2YjFhM2MxOThmOTlkYzgyN2EyZDk5MTI1MzIwMmZlNzk5N2Y3YWY1ZjJiNWI5NGI0YWYifSx7Im1lZGlhVHlwZSI6ImFwcGxpY2F0aW9uL3ZuZC5kb2NrZXIuaW1hZ2Uucm9vdGZzLmRpZmYudGFyLmd6aXAiLCJzaXplIjoxMjQsImRpZ2VzdCI6InNoYTI1NjplNDE1YThkZTliMzU5ZGEwODZlMjJhZmY4Mzg2MGQzNzEwM2I3ZjZmNmVkMTEzOTdjMGE4NTFkZmM1OWUyYWZhIn1dfQ==",
   "config": "eyJhcmNoaXRlY3R1cmUiOiJhcm02NCIsImNvbmZpZyI6eyJFbnYiOlsiUEFUSD0vdXNyL2xvY2FsL3NiaW46L3Vzci9sb2NhbC9iaW46L3Vzci9zYmluOi91c3IvYmluOi9zYmluOi9iaW4iXSwiV29ya2luZ0RpciI6Ii8iLCJPbkJ1aWxkIjpudWxsfSwiY3JlYXRlZCI6IjIwMjMtMTEtMDZUMjI6NTM6MDguMTM4MDIwMTczWiIsImhpc3RvcnkiOlt7ImNyZWF0ZWQiOiIyMDIzLTExLTA2VDIyOjUzOjA4LjEwNDkzMTE3M1oiLCJjcmVhdGVkX2J5IjoiQUREIGZpbGUtMS50eHQgL3NvbWVmaWxlLTEudHh0ICMgYnVpbGRraXQiLCJjb21tZW50IjoiYnVpbGRraXQuZG9ja2VyZmlsZS52MCJ9LHsiY3JlYXRlZCI6IjIwMjMtMTEtMDZUMjI6NTM6MDguMTM4MDIwMTczWiIsImNyZWF0ZWRfYnkiOiJBREQgZmlsZS0yLnR4dCAvc29tZWZpbGUtMi50eHQgIyBidWlsZGtpdCIsImNvbW1lbnQiOiJidWlsZGtpdC5kb2NrZXJmaWxlLnYwIn1dLCJtb2J5LmJ1aWxka2l0LmJ1aWxkaW5mby52MSI6ImV5Sm1jbTl1ZEdWdVpDSTZJbVJ2WTJ0bGNtWnBiR1V1ZGpBaWZRPT0iLCJvcyI6ImxpbnV4Iiwicm9vdGZzIjp7InR5cGUiOiJsYXllcnMiLCJkaWZmX2lkcyI6WyJzaGEyNTY6NzAyYjZjZjcxZmEzMzZiMWEzYzE5OGY5OWRjODI3YTJkOTkxMjUzMjAyZmU3OTk3ZjdhZjVmMmI1Yjk0YjRhZiIsInNoYTI1NjplNDE1YThkZTliMzU5ZGEwODZlMjJhZmY4Mzg2MGQzNzEwM2I3ZjZmNmVkMTEzOTdjMGE4NTFkZmM1OWUyYWZhIl19fQ==",
   "repoDigests": [],
   "architecture": "",
   "os": ""
  }
 },
 "distro": {
  "prettyName": "debian",
  "name": "debian",
  "id": "debian",
  "idLike": [
   "like!"
  ],
  "version": "1.2.3",
  "versionID": "1.2.3"
 },
 "descriptor": {
  "name": "syft",
  "version": "v0.42.0-bogus",
  "configuration": {
   "config-key": "config-value"
  }
 }
}